Downloading https://services.gradle.org/distributions/gradle-8.13-bin.zip
.............10%.............20%.............30%.............40%.............50%.............60%.............70%.............80%.............90%.............100%

Welcome to Gradle 8.13!

Here are the highlights of this release:
 - Daemon JVM auto-provisioning
 - Enhancements for Scala plugin and JUnit testing
 - Improvements for build authors and plugin developers

For more details see https://docs.gradle.org/8.13/release-notes.html

Starting a Gradle Daemon (subsequent builds will be faster)
> Task :iconlab:preBuild UP-TO-DATE
> Task :iconlab:preDebugBuild UP-TO-DATE
> Task :iconlab:mergeDebugNativeDebugMetadata NO-SOURCE
> Task :iconlab:javaPreCompileDebug
> Task :iconlab:checkDebugAarMetadata
> Task :iconlab:generateDebugResValues
> Task :iconlab:mapDebugSourceSetPaths
> Task :iconlab:generateDebugResources
> Task :iconlab:mergeDebugResources
> Task :iconlab:packageDebugResources
> Task :iconlab:parseDebugLocalResources
> Task :iconlab:createDebugCompatibleScreenManifests
> Task :iconlab:extractDeepLinksDebug
> Task :iconlab:processDebugMainManifest
> Task :iconlab:processDebugManifest
> Task :iconlab:processDebugManifestForPackage
> Task :iconlab:processDebugResources

> Task :iconlab:compileDebugJavaWithJavac
Note: Some input files use or override a deprecated API.
Note: Recompile with -Xlint:deprecation for details.

> Task :iconlab:mergeDebugShaders
> Task :iconlab:compileDebugShaders NO-SOURCE
> Task :iconlab:generateDebugAssets UP-TO-DATE
> Task :iconlab:mergeDebugAssets
> Task :iconlab:compressDebugAssets
> Task :iconlab:desugarDebugFileDependencies
> Task :iconlab:dexBuilderDebug
> Task :iconlab:mergeDebugGlobalSynthetics
> Task :iconlab:processDebugJavaRes NO-SOURCE
> Task :iconlab:mergeDebugJavaResource
> Task :iconlab:checkDebugDuplicateClasses
> Task :iconlab:mergeExtDexDebug
> Task :iconlab:mergeLibDexDebug
> Task :iconlab:mergeProjectDexDebug
> Task :iconlab:mergeDebugJniLibFolders
> Task :iconlab:mergeDebugNativeLibs NO-SOURCE
> Task :iconlab:stripDebugDebugSymbols NO-SOURCE
> Task :iconlab:validateSigningDebug
> Task :iconlab:writeDebugAppMetadata
> Task :iconlab:writeDebugSigningConfigVersions
> Task :iconlab:packageDebug
> Task :iconlab:createDebugApkListingFileRedirect
> Task :iconlab:assembleDebug
gradle/actions: Writing build results to /home/runner/work/_temp/.gradle-actions/build-results/__run-1786377153116.json

[Incubating] Problems report is available at: file:///home/runner/work/Xylune/Xylune/build/reports/problems/problems-report.html

Deprecated Gradle features were used in this build, making it incompatible with Gradle 9.0.

You can use '--warning-mode all' to show the individual deprecation warnings and determine if they come from your own scripts or plugins.

For more on this, please refer to https://docs.gradle.org/8.13/userguide/command_line_interface.html#sec:command_line_warnings in the Gradle documentation.

BUILD SUCCESSFUL in 1m 39s
32 actionable tasks: 32 executed
